

================================================================
== Synthesis Summary Report of 'vadd'
================================================================
+ General Information: 
    * Date:           Sat Jun 15 03:34:37 2024
    * Version:        2024.1 (Build 5069499 on May 21 2024)
    * Project:        vadd
    * Solution:       hls (Vitis Kernel Flow Target)
    * Product family: zynquplus
    * Target device:  xczu9eg-ffvb1156-2-e
    

+ Performance & Resource Estimates: 
    
    PS: '+' for module; 'o' for loop; '*' for dataflow
    +-------------------+------+------+---------+--------+----------+---------+------+----------+---------+----+------------+------------+-----+
    |      Modules      | Issue|      | Latency | Latency| Iteration|         | Trip |          |         |    |            |            |     |
    |      & Loops      | Type | Slack| (cycles)|  (ns)  |  Latency | Interval| Count| Pipelined|  BRAM   | DSP|     FF     |     LUT    | URAM|
    +-------------------+------+------+---------+--------+----------+---------+------+----------+---------+----+------------+------------+-----+
    |+ vadd             |     -|  0.00|        -|       -|         -|        0|     -|    rewind|  4 (~0%)|   -|  1674 (~0%)|  1747 (~0%)|    -|
    | o VITIS_LOOP_3_1  |    II|  4.87|        -|       -|       144|        2|     -|       yes|        -|   -|           -|           -|    -|
    +-------------------+------+------+---------+--------+----------+---------+------+----------+---------+----+------------+------------+-----+


================================================================
== HW Interfaces
================================================================
* M_AXI
+------------+------------+------------+---------------+---------+--------+----------+-----------+--------------+--------------+-------------+-------------+-------------------+
| Interface  | Read/Write | Data Width | Address Width | Latency | Offset | Register | Max Widen | Max Read     | Max Write    | Num Read    | Num Write   | Resource Estimate |
|            |            | (SW->HW)   |               |         |        |          | Bitwidth  | Burst Length | Burst Length | Outstanding | Outstanding |                   |
+------------+------------+------------+---------------+---------+--------+----------+-----------+--------------+--------------+-------------+-------------+-------------------+
| m_axi_gmem | READ_WRITE | 32 -> 32   | 64            | 64      | slave  | 0        | 512       | 16           | 16           | 16          | 16          | BRAM=4            |
+------------+------------+------------+---------------+---------+--------+----------+-----------+--------------+--------------+-------------+-------------+-------------------+

* S_AXILITE Interfaces
+---------------+------------+---------------+--------+----------+
| Interface     | Data Width | Address Width | Offset | Register |
+---------------+------------+---------------+--------+----------+
| s_axi_control | 32         | 6             | 16     | 0        |
+---------------+------------+---------------+--------+----------+

* S_AXILITE Registers
+---------------+----------+--------+-------+--------+----------------------------------+------------------------------------------------------------------------------------+
| Interface     | Register | Offset | Width | Access | Description                      | Bit Fields                                                                         |
+---------------+----------+--------+-------+--------+----------------------------------+------------------------------------------------------------------------------------+
| s_axi_control | CTRL     | 0x00   | 32    | RW     | Control signals                  | 0=AP_START 1=AP_DONE 2=AP_IDLE 3=AP_READY 4=AP_CONTINUE 7=AUTO_RESTART 9=INTERRUPT |
| s_axi_control | GIER     | 0x04   | 32    | RW     | Global Interrupt Enable Register | 0=Enable                                                                           |
| s_axi_control | IP_IER   | 0x08   | 32    | RW     | IP Interrupt Enable Register     | 0=CHAN0_INT_EN 1=CHAN1_INT_EN                                                      |
| s_axi_control | IP_ISR   | 0x0c   | 32    | RW     | IP Interrupt Status Register     | 0=CHAN0_INT_ST 1=CHAN1_INT_ST                                                      |
| s_axi_control | in1_1    | 0x10   | 32    | W      | Data signal of in1               |                                                                                    |
| s_axi_control | in1_2    | 0x14   | 32    | W      | Data signal of in1               |                                                                                    |
| s_axi_control | in2_1    | 0x1c   | 32    | W      | Data signal of in2               |                                                                                    |
| s_axi_control | in2_2    | 0x20   | 32    | W      | Data signal of in2               |                                                                                    |
| s_axi_control | out_r_1  | 0x28   | 32    | W      | Data signal of out_r             |                                                                                    |
| s_axi_control | out_r_2  | 0x2c   | 32    | W      | Data signal of out_r             |                                                                                    |
| s_axi_control | size     | 0x34   | 32    | W      | Data signal of size              |                                                                                    |
+---------------+----------+--------+-------+--------+----------------------------------+------------------------------------------------------------------------------------+

* Other Ports
+-------------+-----------+----------+
| Port        | Direction | Bitwidth |
+-------------+-----------+----------+
| event_done  | out       | 1        |
| event_start | out       | 1        |
+-------------+-----------+----------+

* TOP LEVEL CONTROL
+-----------+---------------+-----------+
| Interface | Type          | Ports     |
+-----------+---------------+-----------+
| ap_clk    | clock         | ap_clk    |
| ap_rst_n  | reset         | ap_rst_n  |
| interrupt | interrupt     | interrupt |
| ap_ctrl   | ap_ctrl_chain |           |
+-----------+---------------+-----------+


================================================================
== SW I/O Information
================================================================
* Top Function Arguments
+----------+-----------+----------+
| Argument | Direction | Datatype |
+----------+-----------+----------+
| in1      | inout     | int*     |
| in2      | inout     | int*     |
| out      | inout     | int*     |
| size     | in        | int      |
+----------+-----------+----------+

* SW-to-HW Mapping
+----------+---------------+-----------+----------+-----------------------------------+
| Argument | HW Interface  | HW Type   | HW Usage | HW Info                           |
+----------+---------------+-----------+----------+-----------------------------------+
| in1      | m_axi_gmem    | interface |          | channel=0                         |
| in1      | s_axi_control | register  | offset   | name=in1_1 offset=0x10 range=32   |
| in1      | s_axi_control | register  | offset   | name=in1_2 offset=0x14 range=32   |
| in2      | m_axi_gmem    | interface |          | channel=0                         |
| in2      | s_axi_control | register  | offset   | name=in2_1 offset=0x1c range=32   |
| in2      | s_axi_control | register  | offset   | name=in2_2 offset=0x20 range=32   |
| out      | m_axi_gmem    | interface |          | channel=0                         |
| out      | s_axi_control | register  | offset   | name=out_r_1 offset=0x28 range=32 |
| out      | s_axi_control | register  | offset   | name=out_r_2 offset=0x2c range=32 |
| size     | s_axi_control | register  |          | name=size offset=0x34 range=32    |
+----------+---------------+-----------+----------+-----------------------------------+


================================================================
== M_AXI Burst Information
================================================================
 Note: All burst requests might be further partitioned into multiple requests during RTL generation based on max_read_burst_length or max_write_burst_length settings.

* Inferred Burst Summary
+--------------+-----------+----------+-------+----------------+---------------+
| HW Interface | Direction | Length   | Width | Loop           | Loop Location |
+--------------+-----------+----------+-------+----------------+---------------+
| m_axi_gmem   | write     | variable | 32    | VITIS_LOOP_3_1 | vadd.cpp:3:25 |
+--------------+-----------+----------+-------+----------------+---------------+

* All M_AXI Variable Accesses
+--------------+----------+-----------------+-----------+--------------+----------+----------------+---------------+------------+----------------------------------------------------------------------------------------+
| HW Interface | Variable | Access Location | Direction | Burst Status | Length   | Loop           | Loop Location | Resolution | Problem                                                                                |
+--------------+----------+-----------------+-----------+--------------+----------+----------------+---------------+------------+----------------------------------------------------------------------------------------+
| m_axi_gmem   |          | vadd.cpp:3:25   | read      | Fail         |          |                |               | 214-224    | Could not burst due to multiple potential reads to the same bundle in the same region. |
| m_axi_gmem   | out      | vadd.cpp:4:20   | write     | Widen Fail   |          | VITIS_LOOP_3_1 | vadd.cpp:3:25 | 214-234    | Sequential access length is not divisible by 2                                         |
| m_axi_gmem   | in2      | vadd.cpp:4:31   | read      | Widen Fail   |          | VITIS_LOOP_3_1 | vadd.cpp:3:25 | 214-234    | Sequential access length is not divisible by 2                                         |
| m_axi_gmem   | in1      | vadd.cpp:4:22   | read      | Widen Fail   |          | VITIS_LOOP_3_1 | vadd.cpp:3:25 | 214-234    | Sequential access length is not divisible by 2                                         |
| m_axi_gmem   | out      | vadd.cpp:4:20   | write     | Inferred     | variable | VITIS_LOOP_3_1 | vadd.cpp:3:25 |            |                                                                                        |
| m_axi_gmem   | in2      | vadd.cpp:4:31   | read      | Inferred     | variable | VITIS_LOOP_3_1 | vadd.cpp:3:25 |            |                                                                                        |
| m_axi_gmem   | in1      | vadd.cpp:4:22   | read      | Inferred     | variable | VITIS_LOOP_3_1 | vadd.cpp:3:25 |            |                                                                                        |
+--------------+----------+-----------------+-----------+--------------+----------+----------------+---------------+------------+----------------------------------------------------------------------------------------+

    * Resolution URL: docs.xilinx.com/access/sources/dita/topic?Doc_Version=2024.1%20English&url=ug1448-hls-guidance&resourceid=XXX-YYY.html (replace XXX-YYY with column value)

================================================================
== Bind Op Report
================================================================
+--------------------------+-----+--------+--------------+--------+----------+---------+
| Name                     | DSP | Pragma | Variable     | Op     | Impl     | Latency |
+--------------------------+-----+--------+--------------+--------+----------+---------+
| + vadd                   | 0   |        |              |        |          |         |
|   icmp_ln3_fu_155_p2     |     |        | icmp_ln3     | setgt  | auto     | 0       |
|   empty_fu_213_p3        |     |        | empty        | select | auto_sel | 0       |
|   first_iter_0_fu_233_p2 |     |        | first_iter_0 | seteq  | auto     | 0       |
|   icmp_ln3_1_fu_243_p2   |     |        | icmp_ln3_1   | setlt  | auto     | 0       |
|   add_ln3_fu_249_p2      |     |        | add_ln3      | add    | fabric   | 0       |
|   add_ln4_fu_259_p2      |     |        | add_ln4      | add    | fabric   | 0       |
|   add_ln4_1_fu_275_p2    |     |        | add_ln4_1    | add    | fabric   | 0       |
|   add_ln4_2_fu_306_p2    |     |        | add_ln4_2    | add    | fabric   | 0       |
|   icmp_ln3_2_fu_295_p2   |     |        | icmp_ln3_2   | setlt  | auto     | 0       |
+--------------------------+-----+--------+--------------+--------+----------+---------+


================================================================
== Storage Report
================================================================
+-------------------+-----------+-----------+------+------+--------+----------+------+---------+------------------+
| Name              | Usage     | Type      | BRAM | URAM | Pragma | Variable | Impl | Latency | Bitwidth, Depth, |
|                   |           |           |      |      |        |          |      |         | Banks            |
+-------------------+-----------+-----------+------+------+--------+----------+------+---------+------------------+
| + vadd            |           |           | 4    | 0    |        |          |      |         |                  |
|   control_s_axi_U | interface | s_axilite |      |      |        |          |      |         |                  |
|   gmem_m_axi_U    | interface | m_axi     | 4    |      |        |          |      |         |                  |
+-------------------+-----------+-----------+------+------+--------+----------+------+---------+------------------+


================================================================
== Pragma Report
================================================================
  No pragmas found

